
> leo-frontend@1.0.0 build
> vite build

[36mvite v5.4.21 [32mbuilding for production...[36m[39m
transforming...
[32mΓ£ô[39m 2379 modules transformed.
node.exe : [31mx[39m Build failed in 1.83s
At line:1 char:1
+ & "C:\Program Files\nodejs/node.exe" "C:\Program Files\nodejs/node_mo ...
+ ~~~~~~~~~~~~~~~~~~~~~~~~~~~~~~~~~~~~~~~~~~~~~~~~~~~~~~~~~~~~~~~~~~~~~
    + CategoryInfo          : NotSpecified: ([31mx[39m Build failed in 1.83s  
  :String) [], RemoteException
    + FullyQualifiedErrorId : NativeCommandError
 
[31merror during build:
[31msrc/pages/Reports.jsx (3:102): "fixUrlsUpload" is not exported by 
"src/services/api.js", imported by "src/pages/Reports.jsx".[31m
file: [36mC:/Users/Admin/Downloads/leet 
code/frontend/src/pages/Reports.jsx:3:102[31m
[33m
1: import { useState, useEffect } from 'react';
2: import { BarChart3, Download, FileText, Table, AlertCircle } from 
'lucide-react';
3: import { getDailyReport, exportExcel, exportCsv, getFetchErrors, 
clearFetchErrors, exportErrorsExcel, fixUrlsUpload }...
                                                                                
                         ^
4: import { useDate } from '../context/DateContext';
5: import toast from 'react-hot-toast';
[31m
    at getRollupError (file:///C:/Users/Admin/Downloads/leet%20code/frontend/nod
e_modules/rollup/dist/es/shared/parseAst.js:317:41)
    at error (file:///C:/Users/Admin/Downloads/leet%20code/frontend/node_modules
/rollup/dist/es/shared/parseAst.js:313:42)
    at Module.error (file:///C:/Users/Admin/Downloads/leet%20code/frontend/node_
modules/rollup/dist/es/shared/node-entry.js:17154:16)
    at Module.traceVariable (file:///C:/Users/Admin/Downloads/leet%20code/fronte
nd/node_modules/rollup/dist/es/shared/node-entry.js:17587:29)
    at ModuleScope.findVariable (file:///C:/Users/Admin/Downloads/leet%20code/fr
ontend/node_modules/rollup/dist/es/shared/node-entry.js:15177:39)
    at FunctionScope.findVariable (file:///C:/Users/Admin/Downloads/leet%20code/
frontend/node_modules/rollup/dist/es/shared/node-entry.js:5397:38)
    at FunctionBodyScope.findVariable (file:///C:/Users/Admin/Downloads/leet%20c
ode/frontend/node_modules/rollup/dist/es/shared/node-entry.js:5397:38)
    at ReturnValueScope.findVariable (file:///C:/Users/Admin/Downloads/leet%20co
de/frontend/node_modules/rollup/dist/es/shared/node-entry.js:5397:38)
    at FunctionBodyScope.findVariable (file:///C:/Users/Admin/Downloads/leet%20c
ode/frontend/node_modules/rollup/dist/es/shared/node-entry.js:5397:38)
    at BlockScope.findVariable (file:///C:/Users/Admin/Downloads/leet%20code/fro
ntend/node_modules/rollup/dist/es/shared/node-entry.js:5397:38)[39m
